Archive member included because of file (symbol)

..\..\..\..\..\..\..\Program Files\GNU Tools ARM Embedded\4.6 2012q2\arm-none-eabi\lib\armv7e-m\fpu\libc.a(lib_a-malloc.o)
                              ..\obj\llist.o (malloc)
..\..\..\..\..\..\..\Program Files\GNU Tools ARM Embedded\4.6 2012q2\arm-none-eabi\lib\armv7e-m\fpu\libc.a(lib_a-mallocr.o)
                              ..\..\..\..\..\..\..\Program Files\GNU Tools ARM Embedded\4.6 2012q2\arm-none-eabi\lib\armv7e-m\fpu\libc.a(lib_a-malloc.o) (_malloc_r)
..\..\..\..\..\..\..\Program Files\GNU Tools ARM Embedded\4.6 2012q2\arm-none-eabi\lib\armv7e-m\fpu\libc.a(lib_a-mlock.o)
                              ..\..\..\..\..\..\..\Program Files\GNU Tools ARM Embedded\4.6 2012q2\arm-none-eabi\lib\armv7e-m\fpu\libc.a(lib_a-mallocr.o) (__malloc_lock)
..\..\..\..\..\..\..\Program Files\GNU Tools ARM Embedded\4.6 2012q2\arm-none-eabi\lib\armv7e-m\fpu\libc.a(lib_a-sbrkr.o)
                              ..\..\..\..\..\..\..\Program Files\GNU Tools ARM Embedded\4.6 2012q2\arm-none-eabi\lib\armv7e-m\fpu\libc.a(lib_a-mallocr.o) (_sbrk_r)
..\..\..\..\..\..\..\Program Files\GNU Tools ARM Embedded\4.6 2012q2\arm-none-eabi\lib\armv7e-m\fpu\libc.a(lib_a-freer.o)
                              ..\..\..\..\..\..\..\Program Files\GNU Tools ARM Embedded\4.6 2012q2\arm-none-eabi\lib\armv7e-m\fpu\libc.a(lib_a-malloc.o) (_free_r)
..\..\..\..\..\..\..\Program Files\GNU Tools ARM Embedded\4.6 2012q2\arm-none-eabi\lib\armv7e-m\fpu\libc.a(lib_a-reent.o)
                              ..\..\..\..\..\..\..\Program Files\GNU Tools ARM Embedded\4.6 2012q2\arm-none-eabi\lib\armv7e-m\fpu\libc.a(lib_a-sbrkr.o) (errno)

Allocating common symbols
Common symbol       size              file

CurrentPos          0x4               ..\obj\stm32f4_discovery_audio_codec.o
params              0x54              ..\obj\main.o
new_note_event      0x1               ..\obj\main.o
errno               0x4               ..\..\..\..\..\..\..\Program Files\GNU Tools ARM Embedded\4.6 2012q2\arm-none-eabi\lib\armv7e-m\fpu\libc.a(lib_a-reent.o)
trig                0x1               ..\obj\main.o
audiobuff           0x500             ..\obj\main.o
AUDIO_MAL_DMA_InitStructure
                    0x3c              ..\obj\stm32f4_discovery_audio_codec.o
DMA_InitStructure   0x3c              ..\obj\stm32f4_discovery_audio_codec.o

Discarded input sections

 .text          0x00000000        0x0 ..\obj\stm32f4_discovery_audio_codec.o
 .text.Codec_Mute
                0x00000000       0x28 ..\obj\stm32f4_discovery_audio_codec.o
 .text.EVAL_AUDIO_SetAudioInterface
                0x00000000       0xd4 ..\obj\stm32f4_discovery_audio_codec.o
 .text.EVAL_AUDIO_DeInit
                0x00000000       0xe8 ..\obj\stm32f4_discovery_audio_codec.o
 .text.EVAL_AUDIO_PauseResume
                0x00000000       0xd0 ..\obj\stm32f4_discovery_audio_codec.o
 .text.EVAL_AUDIO_Stop
                0x00000000       0x94 ..\obj\stm32f4_discovery_audio_codec.o
 .text.EVAL_AUDIO_VolumeCtl
                0x00000000       0x2c ..\obj\stm32f4_discovery_audio_codec.o
 .text.EVAL_AUDIO_Mute
                0x00000000        0x8 ..\obj\stm32f4_discovery_audio_codec.o
 .text          0x00000000        0x0 ..\obj\stm32f4xx_usart.o
 .data          0x00000000        0x0 ..\obj\stm32f4xx_usart.o
 .bss           0x00000000        0x0 ..\obj\stm32f4xx_usart.o
 .text.USART_DeInit
                0x00000000       0xe8 ..\obj\stm32f4xx_usart.o
 .text.USART_StructInit
                0x00000000       0x1c ..\obj\stm32f4xx_usart.o
 .text.USART_ClockInit
                0x00000000       0x28 ..\obj\stm32f4xx_usart.o
 .text.USART_ClockStructInit
                0x00000000       0x10 ..\obj\stm32f4xx_usart.o
 .text.USART_SetPrescaler
                0x00000000       0x14 ..\obj\stm32f4xx_usart.o
 .text.USART_OverSampling8Cmd
                0x00000000       0x20 ..\obj\stm32f4xx_usart.o
 .text.USART_OneBitMethodCmd
                0x00000000       0x20 ..\obj\stm32f4xx_usart.o
 .text.USART_ReceiveData
                0x00000000        0xc ..\obj\stm32f4xx_usart.o
 .text.USART_SetAddress
                0x00000000       0x1c ..\obj\stm32f4xx_usart.o
 .text.USART_ReceiverWakeUpCmd
                0x00000000       0x20 ..\obj\stm32f4xx_usart.o
 .text.USART_WakeUpConfig
                0x00000000       0x1c ..\obj\stm32f4xx_usart.o
 .text.USART_LINBreakDetectLengthConfig
                0x00000000       0x1c ..\obj\stm32f4xx_usart.o
 .text.USART_LINCmd
                0x00000000       0x20 ..\obj\stm32f4xx_usart.o
 .text.USART_SendBreak
                0x00000000        0xc ..\obj\stm32f4xx_usart.o
 .text.USART_HalfDuplexCmd
                0x00000000       0x20 ..\obj\stm32f4xx_usart.o
 .text.USART_SetGuardTime
                0x00000000       0x14 ..\obj\stm32f4xx_usart.o
 .text.USART_SmartCardCmd
                0x00000000       0x20 ..\obj\stm32f4xx_usart.o
 .text.USART_SmartCardNACKCmd
                0x00000000       0x20 ..\obj\stm32f4xx_usart.o
 .text.USART_IrDAConfig
                0x00000000       0x1c ..\obj\stm32f4xx_usart.o
 .text.USART_IrDACmd
                0x00000000       0x20 ..\obj\stm32f4xx_usart.o
 .text.USART_ITConfig
                0x00000000       0x3c ..\obj\stm32f4xx_usart.o
 .text.USART_ClearFlag
                0x00000000        0xc ..\obj\stm32f4xx_usart.o
 .text.USART_GetITStatus
                0x00000000       0x50 ..\obj\stm32f4xx_usart.o
 .text.USART_ClearITPendingBit
                0x00000000       0x18 ..\obj\stm32f4xx_usart.o
 .text          0x00000000        0x0 ..\obj\stm32f4xx_dac.o
 .data          0x00000000        0x0 ..\obj\stm32f4xx_dac.o
 .bss           0x00000000        0x0 ..\obj\stm32f4xx_dac.o
 .text.DAC_DeInit
                0x00000000       0x1c ..\obj\stm32f4xx_dac.o
 .text.DAC_StructInit
                0x00000000       0x10 ..\obj\stm32f4xx_dac.o
 .text.DAC_SoftwareTriggerCmd
                0x00000000       0x3c ..\obj\stm32f4xx_dac.o
 .text.DAC_DualSoftwareTriggerCmd
                0x00000000       0x28 ..\obj\stm32f4xx_dac.o
 .text.DAC_WaveGenerationCmd
                0x00000000       0x2c ..\obj\stm32f4xx_dac.o
 .text.DAC_SetChannel2Data
                0x00000000       0x24 ..\obj\stm32f4xx_dac.o
 .text.DAC_SetDualChannelData
                0x00000000       0x18 ..\obj\stm32f4xx_dac.o
 .text.DAC_GetDataOutputValue
                0x00000000       0x28 ..\obj\stm32f4xx_dac.o
 .text.DAC_DMACmd
                0x00000000       0x34 ..\obj\stm32f4xx_dac.o
 .text.DAC_ITConfig
                0x00000000       0x2c ..\obj\stm32f4xx_dac.o
 .text.DAC_GetFlagStatus
                0x00000000       0x18 ..\obj\stm32f4xx_dac.o
 .text.DAC_ClearFlag
                0x00000000       0x10 ..\obj\stm32f4xx_dac.o
 .text.DAC_GetITStatus
                0x00000000       0x24 ..\obj\stm32f4xx_dac.o
 .text.DAC_ClearITPendingBit
                0x00000000       0x10 ..\obj\stm32f4xx_dac.o
 .text          0x00000000        0x0 ..\obj\llist.o
 .data          0x00000000        0x0 ..\obj\llist.o
 .bss           0x00000000        0x0 ..\obj\llist.o
 .text.add_note_first
                0x00000000       0x18 ..\obj\llist.o
 .text.print_all_note
                0x00000000       0x2c ..\obj\llist.o
 .rodata.str1.4
                0x00000000       0x1c ..\obj\llist.o
 .text          0x00000000        0x0 ..\obj\startup_stm32f4xx.o
 .data          0x00000000        0x0 ..\obj\startup_stm32f4xx.o
 .bss           0x00000000        0x0 ..\obj\startup_stm32f4xx.o
 .text          0x00000000        0x0 ..\obj\main.o
 .data          0x00000000        0x0 ..\obj\main.o
 .text          0x00000000        0x0 ..\obj\stm32f4xx_rcc.o
 .bss           0x00000000        0x0 ..\obj\stm32f4xx_rcc.o
 .text.RCC_DeInit
                0x00000000       0x38 ..\obj\stm32f4xx_rcc.o
 .text.RCC_HSEConfig
                0x00000000       0x14 ..\obj\stm32f4xx_rcc.o
 .text.RCC_AdjustHSICalibrationValue
                0x00000000       0x18 ..\obj\stm32f4xx_rcc.o
 .text.RCC_HSICmd
                0x00000000        0xc ..\obj\stm32f4xx_rcc.o
 .text.RCC_LSEConfig
                0x00000000       0x3c ..\obj\stm32f4xx_rcc.o
 .text.RCC_LSICmd
                0x00000000        0xc ..\obj\stm32f4xx_rcc.o
 .text.RCC_PLLConfig
                0x00000000       0x24 ..\obj\stm32f4xx_rcc.o
 .text.RCC_PLLCmd
                0x00000000        0xc ..\obj\stm32f4xx_rcc.o
 .text.RCC_PLLI2SConfig
                0x00000000       0x18 ..\obj\stm32f4xx_rcc.o
 .text.RCC_PLLI2SCmd
                0x00000000        0xc ..\obj\stm32f4xx_rcc.o
 .text.RCC_ClockSecuritySystemCmd
                0x00000000        0xc ..\obj\stm32f4xx_rcc.o
 .text.RCC_MCO1Config
                0x00000000       0x18 ..\obj\stm32f4xx_rcc.o
 .text.RCC_MCO2Config
                0x00000000       0x18 ..\obj\stm32f4xx_rcc.o
 .text.RCC_SYSCLKConfig
                0x00000000       0x14 ..\obj\stm32f4xx_rcc.o
 .text.RCC_GetSYSCLKSource
                0x00000000       0x10 ..\obj\stm32f4xx_rcc.o
 .text.RCC_HCLKConfig
                0x00000000       0x14 ..\obj\stm32f4xx_rcc.o
 .text.RCC_PCLK1Config
                0x00000000       0x14 ..\obj\stm32f4xx_rcc.o
 .text.RCC_PCLK2Config
                0x00000000       0x18 ..\obj\stm32f4xx_rcc.o
 .text.RCC_RTCCLKConfig
                0x00000000       0x3c ..\obj\stm32f4xx_rcc.o
 .text.RCC_RTCCLKCmd
                0x00000000        0xc ..\obj\stm32f4xx_rcc.o
 .text.RCC_BackupResetCmd
                0x00000000        0xc ..\obj\stm32f4xx_rcc.o
 .text.RCC_I2SCLKConfig
                0x00000000        0xc ..\obj\stm32f4xx_rcc.o
 .text.RCC_AHB2PeriphClockCmd
                0x00000000       0x24 ..\obj\stm32f4xx_rcc.o
 .text.RCC_AHB3PeriphClockCmd
                0x00000000       0x24 ..\obj\stm32f4xx_rcc.o
 .text.RCC_APB2PeriphClockCmd
                0x00000000       0x24 ..\obj\stm32f4xx_rcc.o
 .text.RCC_AHB1PeriphResetCmd
                0x00000000       0x24 ..\obj\stm32f4xx_rcc.o
 .text.RCC_AHB2PeriphResetCmd
                0x00000000       0x24 ..\obj\stm32f4xx_rcc.o
 .text.RCC_AHB3PeriphResetCmd
                0x00000000       0x24 ..\obj\stm32f4xx_rcc.o
 .text.RCC_AHB1PeriphClockLPModeCmd
                0x00000000       0x24 ..\obj\stm32f4xx_rcc.o
 .text.RCC_AHB2PeriphClockLPModeCmd
                0x00000000       0x24 ..\obj\stm32f4xx_rcc.o
 .text.RCC_AHB3PeriphClockLPModeCmd
                0x00000000       0x24 ..\obj\stm32f4xx_rcc.o
 .text.RCC_APB1PeriphClockLPModeCmd
                0x00000000       0x24 ..\obj\stm32f4xx_rcc.o
 .text.RCC_APB2PeriphClockLPModeCmd
                0x00000000       0x24 ..\obj\stm32f4xx_rcc.o
 .text.RCC_ITConfig
                0x00000000       0x24 ..\obj\stm32f4xx_rcc.o
 .text.RCC_GetFlagStatus
                0x00000000       0x34 ..\obj\stm32f4xx_rcc.o
 .text.RCC_WaitForHSEStartUp
                0x00000000       0x3c ..\obj\stm32f4xx_rcc.o
 .text.RCC_ClearFlag
                0x00000000       0x14 ..\obj\stm32f4xx_rcc.o
 .text.RCC_GetITStatus
                0x00000000       0x14 ..\obj\stm32f4xx_rcc.o
 .text.RCC_ClearITPendingBit
                0x00000000        0xc ..\obj\stm32f4xx_rcc.o
 .text          0x00000000        0x0 ..\obj\printf.o
 .bss           0x00000000        0x0 ..\obj\printf.o
 .text.snprintf
                0x00000000       0x1c ..\obj\printf.o
 .text.sprintf  0x00000000       0x1c ..\obj\printf.o
 .text.puts     0x00000000       0x14 ..\obj\printf.o
 .text.fprintf  0x00000000       0x1c ..\obj\printf.o
 .text          0x00000000        0x0 ..\obj\synth.o
 .data          0x00000000        0x0 ..\obj\synth.o
 .text          0x00000000        0x0 ..\obj\stm32f4xx_gpio.o
 .data          0x00000000        0x0 ..\obj\stm32f4xx_gpio.o
 .bss           0x00000000        0x0 ..\obj\stm32f4xx_gpio.o
 .text.GPIO_DeInit
                0x00000000      0x158 ..\obj\stm32f4xx_gpio.o
 .text.GPIO_StructInit
                0x00000000       0x14 ..\obj\stm32f4xx_gpio.o
 .text.GPIO_PinLockConfig
                0x00000000       0x24 ..\obj\stm32f4xx_gpio.o
 .text.GPIO_ReadInputDataBit
                0x00000000        0xc ..\obj\stm32f4xx_gpio.o
 .text.GPIO_ReadInputData
                0x00000000        0x8 ..\obj\stm32f4xx_gpio.o
 .text.GPIO_ReadOutputDataBit
                0x00000000        0xc ..\obj\stm32f4xx_gpio.o
 .text.GPIO_ReadOutputData
                0x00000000        0x8 ..\obj\stm32f4xx_gpio.o
 .text.GPIO_Write
                0x00000000        0x4 ..\obj\stm32f4xx_gpio.o
 .text.GPIO_ToggleBits
                0x00000000        0x8 ..\obj\stm32f4xx_gpio.o
 .text          0x00000000        0x0 ..\obj\system_stm32f4xx.o
 .data          0x00000000       0x14 ..\obj\system_stm32f4xx.o
 .bss           0x00000000        0x0 ..\obj\system_stm32f4xx.o
 .text.SystemCoreClockUpdate
                0x00000000       0xdc ..\obj\system_stm32f4xx.o
 .text          0x00000000        0x0 ..\obj\syscalls.o
 .data          0x00000000        0x0 ..\obj\syscalls.o
 .text.link     0x00000000        0x8 ..\obj\syscalls.o
 .text._close   0x00000000        0x8 ..\obj\syscalls.o
 .text._fstat   0x00000000        0xc ..\obj\syscalls.o
 .text._isatty  0x00000000        0x8 ..\obj\syscalls.o
 .text._lseek   0x00000000        0x8 ..\obj\syscalls.o
 .text._read    0x00000000        0x8 ..\obj\syscalls.o
 .text._write   0x00000000        0x4 ..\obj\syscalls.o
 .text.abort    0x00000000        0x4 ..\obj\syscalls.o
 .text          0x00000000        0x0 ..\obj\stm32f4xx_dma.o
 .data          0x00000000        0x0 ..\obj\stm32f4xx_dma.o
 .bss           0x00000000        0x0 ..\obj\stm32f4xx_dma.o
 .text.DMA_StructInit
                0x00000000       0x24 ..\obj\stm32f4xx_dma.o
 .text.DMA_PeriphIncOffsetSizeConfig
                0x00000000       0x18 ..\obj\stm32f4xx_dma.o
 .text.DMA_FlowControllerConfig
                0x00000000       0x18 ..\obj\stm32f4xx_dma.o
 .text.DMA_SetCurrDataCounter
                0x00000000        0x4 ..\obj\stm32f4xx_dma.o
 .text.DMA_DoubleBufferModeConfig
                0x00000000       0x18 ..\obj\stm32f4xx_dma.o
 .text.DMA_DoubleBufferModeCmd
                0x00000000       0x18 ..\obj\stm32f4xx_dma.o
 .text.DMA_MemoryTargetConfig
                0x00000000        0xc ..\obj\stm32f4xx_dma.o
 .text.DMA_GetCurrentMemoryTarget
                0x00000000        0x8 ..\obj\stm32f4xx_dma.o
 .text.DMA_GetCmdStatus
                0x00000000        0x8 ..\obj\stm32f4xx_dma.o
 .text.DMA_GetFIFOStatus
                0x00000000        0x8 ..\obj\stm32f4xx_dma.o
 .text          0x00000000        0x0 ..\obj\stm32f4xx_spi.o
 .data          0x00000000        0x0 ..\obj\stm32f4xx_spi.o
 .bss           0x00000000        0x0 ..\obj\stm32f4xx_spi.o
 .text.SPI_Init
                0x00000000       0x44 ..\obj\stm32f4xx_spi.o
 .text.SPI_StructInit
                0x00000000       0x1c ..\obj\stm32f4xx_spi.o
 .text.I2S_StructInit
                0x00000000       0x18 ..\obj\stm32f4xx_spi.o
 .text.SPI_Cmd  0x00000000       0x20 ..\obj\stm32f4xx_spi.o
 .text.SPI_DataSizeConfig
                0x00000000       0x1c ..\obj\stm32f4xx_spi.o
 .text.SPI_BiDirectionalLineConfig
                0x00000000       0x24 ..\obj\stm32f4xx_spi.o
 .text.SPI_NSSInternalSoftwareConfig
                0x00000000       0x28 ..\obj\stm32f4xx_spi.o
 .text.SPI_SSOutputCmd
                0x00000000       0x20 ..\obj\stm32f4xx_spi.o
 .text.SPI_TIModeCmd
                0x00000000       0x20 ..\obj\stm32f4xx_spi.o
 .text.I2S_FullDuplexConfig
                0x00000000       0x54 ..\obj\stm32f4xx_spi.o
 .text.SPI_I2S_ReceiveData
                0x00000000        0x8 ..\obj\stm32f4xx_spi.o
 .text.SPI_CalculateCRC
                0x00000000       0x20 ..\obj\stm32f4xx_spi.o
 .text.SPI_TransmitCRC
                0x00000000        0xc ..\obj\stm32f4xx_spi.o
 .text.SPI_GetCRC
                0x00000000       0x10 ..\obj\stm32f4xx_spi.o
 .text.SPI_GetCRCPolynomial
                0x00000000        0x8 ..\obj\stm32f4xx_spi.o
 .text.SPI_I2S_ClearFlag
                0x00000000        0xc ..\obj\stm32f4xx_spi.o
 .text.SPI_I2S_GetITStatus
                0x00000000       0x34 ..\obj\stm32f4xx_spi.o
 .text.SPI_I2S_ClearITPendingBit
                0x00000000       0x18 ..\obj\stm32f4xx_spi.o
 .text          0x00000000        0x0 ..\obj\stm32f4xx_i2c.o
 .data          0x00000000        0x0 ..\obj\stm32f4xx_i2c.o
 .bss           0x00000000        0x0 ..\obj\stm32f4xx_i2c.o
 .text.I2C_StructInit
                0x00000000       0x20 ..\obj\stm32f4xx_i2c.o
 .text.I2C_OwnAddress2Config
                0x00000000       0x18 ..\obj\stm32f4xx_i2c.o
 .text.I2C_DualAddressCmd
                0x00000000       0x20 ..\obj\stm32f4xx_i2c.o
 .text.I2C_GeneralCallCmd
                0x00000000       0x20 ..\obj\stm32f4xx_i2c.o
 .text.I2C_SoftwareResetCmd
                0x00000000       0x20 ..\obj\stm32f4xx_i2c.o
 .text.I2C_StretchClockCmd
                0x00000000       0x20 ..\obj\stm32f4xx_i2c.o
 .text.I2C_FastModeDutyCycleConfig
                0x00000000       0x24 ..\obj\stm32f4xx_i2c.o
 .text.I2C_NACKPositionConfig
                0x00000000       0x24 ..\obj\stm32f4xx_i2c.o
 .text.I2C_SMBusAlertConfig
                0x00000000       0x24 ..\obj\stm32f4xx_i2c.o
 .text.I2C_ARPCmd
                0x00000000       0x20 ..\obj\stm32f4xx_i2c.o
 .text.I2C_TransmitPEC
                0x00000000       0x20 ..\obj\stm32f4xx_i2c.o
 .text.I2C_PECPositionConfig
                0x00000000       0x24 ..\obj\stm32f4xx_i2c.o
 .text.I2C_CalculatePEC
                0x00000000       0x20 ..\obj\stm32f4xx_i2c.o
 .text.I2C_GetPEC
                0x00000000        0x8 ..\obj\stm32f4xx_i2c.o
 .text.I2C_DMACmd
                0x00000000       0x20 ..\obj\stm32f4xx_i2c.o
 .text.I2C_DMALastTransferCmd
                0x00000000       0x20 ..\obj\stm32f4xx_i2c.o
 .text.I2C_ReadRegister
                0x00000000       0x1c ..\obj\stm32f4xx_i2c.o
 .text.I2C_ITConfig
                0x00000000       0x18 ..\obj\stm32f4xx_i2c.o
 .text.I2C_GetLastEvent
                0x00000000       0x10 ..\obj\stm32f4xx_i2c.o
 .text.I2C_GetITStatus
                0x00000000       0x24 ..\obj\stm32f4xx_i2c.o
 .text.I2C_ClearITPendingBit
                0x00000000        0xc ..\obj\stm32f4xx_i2c.o
 .text          0x00000000        0x0 ..\obj\misc.o
 .data          0x00000000        0x0 ..\obj\misc.o
 .bss           0x00000000        0x0 ..\obj\misc.o
 .text.NVIC_SetVectorTable
                0x00000000       0x18 ..\obj\misc.o
 .text.NVIC_SystemLPConfig
                0x00000000       0x24 ..\obj\misc.o
 .text.SysTick_CLKSourceConfig
                0x00000000       0x1c ..\obj\misc.o
 .text          0x00000000        0x0 ..\obj\midi.o
 .text          0x00000000        0x0 ..\..\..\..\..\..\..\Program Files\GNU Tools ARM Embedded\4.6 2012q2\arm-none-eabi\lib\armv7e-m\fpu\libc.a(lib_a-malloc.o)
 .data          0x00000000        0x0 ..\..\..\..\..\..\..\Program Files\GNU Tools ARM Embedded\4.6 2012q2\arm-none-eabi\lib\armv7e-m\fpu\libc.a(lib_a-malloc.o)
 .bss           0x00000000        0x0 ..\..\..\..\..\..\..\Program Files\GNU Tools ARM Embedded\4.6 2012q2\arm-none-eabi\lib\armv7e-m\fpu\libc.a(lib_a-malloc.o)
 .text          0x00000000        0x0 ..\..\..\..\..\..\..\Program Files\GNU Tools ARM Embedded\4.6 2012q2\arm-none-eabi\lib\armv7e-m\fpu\libc.a(lib_a-mallocr.o)
 .data          0x00000000        0x0 ..\..\..\..\..\..\..\Program Files\GNU Tools ARM Embedded\4.6 2012q2\arm-none-eabi\lib\armv7e-m\fpu\libc.a(lib_a-mallocr.o)
 .bss           0x00000000        0x0 ..\..\..\..\..\..\..\Program Files\GNU Tools ARM Embedded\4.6 2012q2\arm-none-eabi\lib\armv7e-m\fpu\libc.a(lib_a-mallocr.o)
 .text          0x00000000        0x0 ..\..\..\..\..\..\..\Program Files\GNU Tools ARM Embedded\4.6 2012q2\arm-none-eabi\lib\armv7e-m\fpu\libc.a(lib_a-mlock.o)
 .data          0x00000000        0x0 ..\..\..\..\..\..\..\Program Files\GNU Tools ARM Embedded\4.6 2012q2\arm-none-eabi\lib\armv7e-m\fpu\libc.a(lib_a-mlock.o)
 .bss           0x00000000        0x0 ..\..\..\..\..\..\..\Program Files\GNU Tools ARM Embedded\4.6 2012q2\arm-none-eabi\lib\armv7e-m\fpu\libc.a(lib_a-mlock.o)
 .text          0x00000000        0x0 ..\..\..\..\..\..\..\Program Files\GNU Tools ARM Embedded\4.6 2012q2\arm-none-eabi\lib\armv7e-m\fpu\libc.a(lib_a-sbrkr.o)
 .data          0x00000000        0x0 ..\..\..\..\..\..\..\Program Files\GNU Tools ARM Embedded\4.6 2012q2\arm-none-eabi\lib\armv7e-m\fpu\libc.a(lib_a-sbrkr.o)
 .bss           0x00000000        0x0 ..\..\..\..\..\..\..\Program Files\GNU Tools ARM Embedded\4.6 2012q2\arm-none-eabi\lib\armv7e-m\fpu\libc.a(lib_a-sbrkr.o)
 .text          0x00000000        0x0 ..\..\..\..\..\..\..\Program Files\GNU Tools ARM Embedded\4.6 2012q2\arm-none-eabi\lib\armv7e-m\fpu\libc.a(lib_a-freer.o)
 .data          0x00000000        0x0 ..\..\..\..\..\..\..\Program Files\GNU Tools ARM Embedded\4.6 2012q2\arm-none-eabi\lib\armv7e-m\fpu\libc.a(lib_a-freer.o)
 .bss           0x00000000        0x0 ..\..\..\..\..\..\..\Program Files\GNU Tools ARM Embedded\4.6 2012q2\arm-none-eabi\lib\armv7e-m\fpu\libc.a(lib_a-freer.o)
 .text          0x00000000        0x0 ..\..\..\..\..\..\..\Program Files\GNU Tools ARM Embedded\4.6 2012q2\arm-none-eabi\lib\armv7e-m\fpu\libc.a(lib_a-reent.o)
 .data          0x00000000        0x0 ..\..\..\..\..\..\..\Program Files\GNU Tools ARM Embedded\4.6 2012q2\arm-none-eabi\lib\armv7e-m\fpu\libc.a(lib_a-reent.o)
 .bss           0x00000000        0x0 ..\..\..\..\..\..\..\Program Files\GNU Tools ARM Embedded\4.6 2012q2\arm-none-eabi\lib\armv7e-m\fpu\libc.a(lib_a-reent.o)
 .text.cleanup_glue
                0x00000000       0x1c ..\..\..\..\..\..\..\Program Files\GNU Tools ARM Embedded\4.6 2012q2\arm-none-eabi\lib\armv7e-m\fpu\libc.a(lib_a-reent.o)
 .text._reclaim_reent
                0x00000000       0x90 ..\..\..\..\..\..\..\Program Files\GNU Tools ARM Embedded\4.6 2012q2\arm-none-eabi\lib\armv7e-m\fpu\libc.a(lib_a-reent.o)
 .text._wrapup_reent
                0x00000000       0x40 ..\..\..\..\..\..\..\Program Files\GNU Tools ARM Embedded\4.6 2012q2\arm-none-eabi\lib\armv7e-m\fpu\libc.a(lib_a-reent.o)

Memory Configuration

Name             Origin             Length             Attributes
rom              0x08000000         0x00100000         xr
ram              0x20000000         0x00020000         xrw
ram1             0x10000000         0x00010000         xrw
*default*        0x00000000         0xffffffff

Linker script and memory map

                0x20020000                _eram = 0x20020000

.text           0x08000000     0x9f88
 *(.isr_vector .isr_vector.*)
 .isr_vector    0x08000000      0x188 ..\obj\startup_stm32f4xx.o
                0x08000000                g_pfnVectors
 *(.text .text.* .gnu.linkonce.t.*)
 .text.Delay    0x08000188       0x1c ..\obj\stm32f4_discovery_audio_codec.o
 .text.Audio_MAL_IRQHandler
                0x080001a4       0x64 ..\obj\stm32f4_discovery_audio_codec.o
 .text.Codec_WriteRegister
                0x08000208      0x3e8 ..\obj\stm32f4_discovery_audio_codec.o
 .text.Codec_VolumeCtrl
                0x080005f0       0x48 ..\obj\stm32f4_discovery_audio_codec.o
 .text.Codec_Reset
                0x08000638       0x30 ..\obj\stm32f4_discovery_audio_codec.o
 .text.DMA1_Stream7_IRQHandler
                0x08000668        0x8 ..\obj\stm32f4_discovery_audio_codec.o
                0x08000668                DMA1_Stream7_IRQHandler
 .text.DMA1_Stream0_IRQHandler
                0x08000670        0x8 ..\obj\stm32f4_discovery_audio_codec.o
                0x08000670                DMA1_Stream0_IRQHandler
 .text.SPI3_IRQHandler
                0x08000678       0x44 ..\obj\stm32f4_discovery_audio_codec.o
                0x08000678                SPI3_IRQHandler
 .text.Audio_MAL_Play
                0x080006bc       0x54 ..\obj\stm32f4_discovery_audio_codec.o
                0x080006bc                Audio_MAL_Play
 .text.EVAL_AUDIO_Play
                0x08000710       0x40 ..\obj\stm32f4_discovery_audio_codec.o
                0x08000710                EVAL_AUDIO_Play
 .text.DAC_Config
                0x08000750       0x60 ..\obj\stm32f4_discovery_audio_codec.o
                0x08000750                DAC_Config
 .text.EVAL_AUDIO_Init
                0x080007b0      0x4c4 ..\obj\stm32f4_discovery_audio_codec.o
                0x080007b0                EVAL_AUDIO_Init
 .text.USART_Init
                0x08000c74      0x108 ..\obj\stm32f4xx_usart.o
                0x08000c74                USART_Init
 .text.USART_Cmd
                0x08000d7c       0x20 ..\obj\stm32f4xx_usart.o
                0x08000d7c                USART_Cmd
 .text.USART_SendData
                0x08000d9c        0xc ..\obj\stm32f4xx_usart.o
                0x08000d9c                USART_SendData
 .text.USART_DMACmd
                0x08000da8       0x18 ..\obj\stm32f4xx_usart.o
                0x08000da8                USART_DMACmd
 .text.USART_GetFlagStatus
                0x08000dc0        0xc ..\obj\stm32f4xx_usart.o
                0x08000dc0                USART_GetFlagStatus
 .text.DAC_Init
                0x08000dcc       0x34 ..\obj\stm32f4xx_dac.o
                0x08000dcc                DAC_Init
 .text.DAC_Cmd  0x08000e00       0x34 ..\obj\stm32f4xx_dac.o
                0x08000e00                DAC_Cmd
 .text.DAC_SetChannel1Data
                0x08000e34       0x24 ..\obj\stm32f4xx_dac.o
                0x08000e34                DAC_SetChannel1Data
 .text.add_note_last
                0x08000e58       0x30 ..\obj\llist.o
                0x08000e58                add_note_last
 .text.delete_note
                0x08000e88       0x30 ..\obj\llist.o
                0x08000e88                delete_note
 .text.get_last_note
                0x08000eb8       0x14 ..\obj\llist.o
                0x08000eb8                get_last_note
 .text.Default_Reset_Handler
                0x08000ecc       0x6c ..\obj\startup_stm32f4xx.o
                0x08000ecc                Default_Reset_Handler
                0x08000ecc                Reset_Handler
 .text.Default_Handler
                0x08000f38        0x4 ..\obj\startup_stm32f4xx.o
                0x08000f38                RTC_Alarm_IRQHandler
                0x08000f38                HASH_RNG_IRQHandler
                0x08000f38                EXTI2_IRQHandler
                0x08000f38                TIM8_CC_IRQHandler
                0x08000f38                DebugMon_Handler
                0x08000f38                TIM1_CC_IRQHandler
                0x08000f38                DMA2_Stream5_IRQHandler
                0x08000f38                HardFault_Handler
                0x08000f38                DMA1_Stream5_IRQHandler
                0x08000f38                SysTick_Handler
                0x08000f38                PVD_IRQHandler
                0x08000f38                SDIO_IRQHandler
                0x08000f38                TAMP_STAMP_IRQHandler
                0x08000f38                PendSV_Handler
                0x08000f38                NMI_Handler
                0x08000f38                CAN2_RX1_IRQHandler
                0x08000f38                EXTI3_IRQHandler
                0x08000f38                TIM8_TRG_COM_TIM14_IRQHandler
                0x08000f38                TIM1_UP_TIM10_IRQHandler
                0x08000f38                TIM8_UP_TIM13_IRQHandler
                0x08000f38                I2C3_ER_IRQHandler
                0x08000f38                EXTI0_IRQHandler
                0x08000f38                I2C2_EV_IRQHandler
                0x08000f38                DMA1_Stream2_IRQHandler
                0x08000f38                CAN1_RX0_IRQHandler
                0x08000f38                FPU_IRQHandler
                0x08000f38                OTG_HS_WKUP_IRQHandler
                0x08000f38                UsageFault_Handler
                0x08000f38                CAN2_SCE_IRQHandler
                0x08000f38                DMA2_Stream2_IRQHandler
                0x08000f38                SPI1_IRQHandler
                0x08000f38                TIM6_DAC_IRQHandler
                0x08000f38                TIM1_BRK_TIM9_IRQHandler
                0x08000f38                DCMI_IRQHandler
                0x08000f38                CAN2_RX0_IRQHandler
                0x08000f38                DMA2_Stream3_IRQHandler
                0x08000f38                USART6_IRQHandler
                0x08000f38                CRYP_IRQHandler
                0x08000f38                CAN1_RX1_IRQHandler
                0x08000f38                UART5_IRQHandler
                0x08000f38                DMA2_Stream0_IRQHandler
                0x08000f38                TIM4_IRQHandler
                0x08000f38                I2C1_EV_IRQHandler
                0x08000f38                DMA1_Stream6_IRQHandler
                0x08000f38                UART4_IRQHandler
                0x08000f38                TIM3_IRQHandler
                0x08000f38                RCC_IRQHandler
                0x08000f38                TIM8_BRK_TIM12_IRQHandler
                0x08000f38                EXTI15_10_IRQHandler
                0x08000f38                ADC_IRQHandler
                0x08000f38                TIM7_IRQHandler
                0x08000f38                CAN2_TX_IRQHandler
                0x08000f38                TIM5_IRQHandler
                0x08000f38                DMA2_Stream7_IRQHandler
                0x08000f38                I2C3_EV_IRQHandler
                0x08000f38                EXTI9_5_IRQHandler
                0x08000f38                RTC_WKUP_IRQHandler
                0x08000f38                ETH_WKUP_IRQHandler
                0x08000f38                SPI2_IRQHandler
                0x08000f38                OTG_HS_EP1_IN_IRQHandler
                0x08000f38                MemManage_Handler
                0x08000f38                CAN1_TX_IRQHandler
                0x08000f38                SVC_Handler
                0x08000f38                EXTI4_IRQHandler
                0x08000f38                FSMC_IRQHandler
                0x08000f38                ETH_IRQHandler
                0x08000f38                OTG_HS_EP1_OUT_IRQHandler
                0x08000f38                WWDG_IRQHandler
                0x08000f38                TIM2_IRQHandler
                0x08000f38                OTG_FS_WKUP_IRQHandler
                0x08000f38                TIM1_TRG_COM_TIM11_IRQHandler
                0x08000f38                OTG_HS_IRQHandler
                0x08000f38                EXTI1_IRQHandler
                0x08000f38                USART2_IRQHandler
                0x08000f38                I2C2_ER_IRQHandler
                0x08000f38                DMA2_Stream1_IRQHandler
                0x08000f38                CAN1_SCE_IRQHandler
                0x08000f38                FLASH_IRQHandler
                0x08000f38                DMA2_Stream4_IRQHandler
                0x08000f38                BusFault_Handler
                0x08000f38                USART1_IRQHandler
                0x08000f38                OTG_FS_IRQHandler
                0x08000f38                DMA1_Stream4_IRQHandler
                0x08000f38                I2C1_ER_IRQHandler
                0x08000f38                DMA2_Stream6_IRQHandler
                0x08000f38                DMA1_Stream3_IRQHandler
 .text.LED_PUSH_Start
                0x08000f3c       0x6c ..\obj\main.o
                0x08000f3c                LED_PUSH_Start
 .text.FDTI_Start
                0x08000fa8       0x88 ..\obj\main.o
                0x08000fa8                FDTI_Start
 .text.main     0x08001030      0x134 ..\obj\main.o
                0x08001030                main
 .text.EVAL_AUDIO_TransferComplete_CallBack
                0x08001164       0x1c ..\obj\main.o
                0x08001164                EVAL_AUDIO_TransferComplete_CallBack
 .text.EVAL_AUDIO_HalfTransfer_CallBack
                0x08001180       0x1c ..\obj\main.o
                0x08001180                EVAL_AUDIO_HalfTransfer_CallBack
 .text.EVAL_AUDIO_GetSampleCallBack
                0x0800119c        0x8 ..\obj\main.o
                0x0800119c                EVAL_AUDIO_GetSampleCallBack
 .text.Codec_TIMEOUT_UserCallback
                0x080011a4        0x8 ..\obj\main.o
                0x080011a4                Codec_TIMEOUT_UserCallback
 .text.USART3_IRQHandler
                0x080011ac        0x4 ..\obj\main.o
                0x080011ac                USART3_IRQHandler
 .text.DMA1_Stream1_IRQHandler
                0x080011b0       0x30 ..\obj\main.o
                0x080011b0                DMA1_Stream1_IRQHandler
 .text.RCC_GetClocksFreq
                0x080011e0       0xd8 ..\obj\stm32f4xx_rcc.o
                0x080011e0                RCC_GetClocksFreq
 .text.RCC_AHB1PeriphClockCmd
                0x080012b8       0x24 ..\obj\stm32f4xx_rcc.o
                0x080012b8                RCC_AHB1PeriphClockCmd
 .text.RCC_APB1PeriphClockCmd
                0x080012dc       0x24 ..\obj\stm32f4xx_rcc.o
                0x080012dc                RCC_APB1PeriphClockCmd
 .text.RCC_APB1PeriphResetCmd
                0x08001300       0x24 ..\obj\stm32f4xx_rcc.o
                0x08001300                RCC_APB1PeriphResetCmd
 .text.RCC_APB2PeriphResetCmd
                0x08001324       0x24 ..\obj\stm32f4xx_rcc.o
                0x08001324                RCC_APB2PeriphResetCmd
 .text.PrintChar
                0x08001348       0x2c ..\obj\printf.o
                0x08001348                PrintChar
 .text.PutChar  0x08001374        0x8 ..\obj\printf.o
                0x08001374                PutChar
 .text.PutString
                0x0800137c       0x20 ..\obj\printf.o
                0x0800137c                PutString
 .text.PutUnsignedInt
                0x0800139c       0x84 ..\obj\printf.o
                0x0800139c                PutUnsignedInt
 .text.PutSignedInt
                0x08001420       0xac ..\obj\printf.o
                0x08001420                PutSignedInt
 .text.PutHexa  0x080014cc       0x98 ..\obj\printf.o
                0x080014cc                PutHexa
 .text.vsnprintf
                0x08001564      0x174 ..\obj\printf.o
                0x08001564                vsnprintf
 .text.vsprintf
                0x080016d8       0x14 ..\obj\printf.o
                0x080016d8                vsprintf
 .text.fputc    0x080016ec       0x2c ..\obj\printf.o
                0x080016ec                fputc
 .text.fputs    0x08001718       0x38 ..\obj\printf.o
                0x08001718                fputs
 .text.vfprintf
                0x08001750       0x50 ..\obj\printf.o
                0x08001750                vfprintf
 .text.vprintf  0x080017a0       0x1c ..\obj\printf.o
                0x080017a0                vprintf
 .text.printf   0x080017bc       0x1c ..\obj\printf.o
                0x080017bc                printf
 .text.fastsin  0x080017d8       0x74 ..\obj\synth.o
                0x080017d8                fastsin
 .text.Make_Sound
                0x0800184c      0x764 ..\obj\synth.o
                0x0800184c                Make_Sound
 .text.GPIO_Init
                0x08001fb0       0xbc ..\obj\stm32f4xx_gpio.o
                0x08001fb0                GPIO_Init
 .text.GPIO_SetBits
                0x0800206c        0x4 ..\obj\stm32f4xx_gpio.o
                0x0800206c                GPIO_SetBits
 .text.GPIO_ResetBits
                0x08002070        0x4 ..\obj\stm32f4xx_gpio.o
                0x08002070                GPIO_ResetBits
 .text.GPIO_WriteBit
                0x08002074        0xc ..\obj\stm32f4xx_gpio.o
                0x08002074                GPIO_WriteBit
 .text.GPIO_PinAFConfig
                0x08002080       0x38 ..\obj\stm32f4xx_gpio.o
                0x08002080                GPIO_PinAFConfig
 .text.SystemInit
                0x080020b8      0x16c ..\obj\system_stm32f4xx.o
                0x080020b8                SystemInit
 .text._sbrk    0x08002224       0x30 ..\obj\syscalls.o
                0x08002224                _sbrk
 .text.DMA_DeInit
                0x08002254      0x1f4 ..\obj\stm32f4xx_dma.o
                0x08002254                DMA_DeInit
 .text.DMA_Init
                0x08002448       0x58 ..\obj\stm32f4xx_dma.o
                0x08002448                DMA_Init
 .text.DMA_Cmd  0x080024a0       0x18 ..\obj\stm32f4xx_dma.o
                0x080024a0                DMA_Cmd
 .text.DMA_GetCurrDataCounter
                0x080024b8        0x8 ..\obj\stm32f4xx_dma.o
                0x080024b8                DMA_GetCurrDataCounter
 .text.DMA_GetFlagStatus
                0x080024c0       0x44 ..\obj\stm32f4xx_dma.o
                0x080024c0                DMA_GetFlagStatus
 .text.DMA_ClearFlag
                0x08002504       0x3c ..\obj\stm32f4xx_dma.o
                0x08002504                DMA_ClearFlag
 .text.DMA_ITConfig
                0x08002540       0x3c ..\obj\stm32f4xx_dma.o
                0x08002540                DMA_ITConfig
 .text.DMA_GetITStatus
                0x0800257c       0x68 ..\obj\stm32f4xx_dma.o
                0x0800257c                DMA_GetITStatus
 .text.DMA_ClearITPendingBit
                0x080025e4       0x3c ..\obj\stm32f4xx_dma.o
                0x080025e4                DMA_ClearITPendingBit
 .text.SPI_I2S_DeInit
                0x08002620       0x74 ..\obj\stm32f4xx_spi.o
                0x08002620                SPI_I2S_DeInit
 .text.I2S_Init
                0x08002694      0x108 ..\obj\stm32f4xx_spi.o
                0x08002694                I2S_Init
 .text.I2S_Cmd  0x0800279c       0x20 ..\obj\stm32f4xx_spi.o
                0x0800279c                I2S_Cmd
 .text.SPI_I2S_SendData
                0x080027bc        0x4 ..\obj\stm32f4xx_spi.o
                0x080027bc                SPI_I2S_SendData
 .text.SPI_I2S_DMACmd
                0x080027c0       0x18 ..\obj\stm32f4xx_spi.o
                0x080027c0                SPI_I2S_DMACmd
 .text.SPI_I2S_ITConfig
                0x080027d8       0x28 ..\obj\stm32f4xx_spi.o
                0x080027d8                SPI_I2S_ITConfig
 .text.SPI_I2S_GetFlagStatus
                0x08002800        0xc ..\obj\stm32f4xx_spi.o
                0x08002800                SPI_I2S_GetFlagStatus
 .text.I2C_DeInit
                0x0800280c       0x74 ..\obj\stm32f4xx_i2c.o
                0x0800280c                I2C_DeInit
 .text.I2C_Init
                0x08002880      0x100 ..\obj\stm32f4xx_i2c.o
                0x08002880                I2C_Init
 .text.I2C_Cmd  0x08002980       0x20 ..\obj\stm32f4xx_i2c.o
                0x08002980                I2C_Cmd
 .text.I2C_GenerateSTART
                0x080029a0       0x20 ..\obj\stm32f4xx_i2c.o
                0x080029a0                I2C_GenerateSTART
 .text.I2C_GenerateSTOP
                0x080029c0       0x20 ..\obj\stm32f4xx_i2c.o
                0x080029c0                I2C_GenerateSTOP
 .text.I2C_Send7bitAddress
                0x080029e0       0x10 ..\obj\stm32f4xx_i2c.o
                0x080029e0                I2C_Send7bitAddress
 .text.I2C_AcknowledgeConfig
                0x080029f0       0x20 ..\obj\stm32f4xx_i2c.o
                0x080029f0                I2C_AcknowledgeConfig
 .text.I2C_SendData
                0x08002a10        0x4 ..\obj\stm32f4xx_i2c.o
                0x08002a10                I2C_SendData
 .text.I2C_ReceiveData
                0x08002a14        0x8 ..\obj\stm32f4xx_i2c.o
                0x08002a14                I2C_ReceiveData
 .text.I2C_CheckEvent
                0x08002a1c       0x1c ..\obj\stm32f4xx_i2c.o
                0x08002a1c                I2C_CheckEvent
 .text.I2C_GetFlagStatus
                0x08002a38       0x40 ..\obj\stm32f4xx_i2c.o
                0x08002a38                I2C_GetFlagStatus
 .text.I2C_ClearFlag
                0x08002a78        0xc ..\obj\stm32f4xx_i2c.o
                0x08002a78                I2C_ClearFlag
 .text.NVIC_PriorityGroupConfig
                0x08002a84       0x14 ..\obj\misc.o
                0x08002a84                NVIC_PriorityGroupConfig
 .text.NVIC_Init
                0x08002a98       0x88 ..\obj\misc.o
                0x08002a98                NVIC_Init
 .text.MIDI_Start
                0x08002b20      0x140 ..\obj\midi.o
                0x08002b20                MIDI_Start
 .text.MIDI_GetNbNewBytes
                0x08002c60       0x38 ..\obj\midi.o
                0x08002c60                MIDI_GetNbNewBytes
 .text.ChangeParam
                0x08002c98      0x39c ..\obj\midi.o
                0x08002c98                ChangeParam
 .text.MIDI_parser
                0x08003034      0x398 ..\obj\midi.o
                0x08003034                MIDI_parser
 .text.malloc   0x080033cc       0x10 ..\..\..\..\..\..\..\Program Files\GNU Tools ARM Embedded\4.6 2012q2\arm-none-eabi\lib\armv7e-m\fpu\libc.a(lib_a-malloc.o)
                0x080033cc                malloc
 .text.free     0x080033dc       0x10 ..\..\..\..\..\..\..\Program Files\GNU Tools ARM Embedded\4.6 2012q2\arm-none-eabi\lib\armv7e-m\fpu\libc.a(lib_a-malloc.o)
                0x080033dc                free
 .text._malloc_r
                0x080033ec      0x540 ..\..\..\..\..\..\..\Program Files\GNU Tools ARM Embedded\4.6 2012q2\arm-none-eabi\lib\armv7e-m\fpu\libc.a(lib_a-mallocr.o)
                0x080033ec                _malloc_r
 .text.__malloc_lock
                0x0800392c        0x4 ..\..\..\..\..\..\..\Program Files\GNU Tools ARM Embedded\4.6 2012q2\arm-none-eabi\lib\armv7e-m\fpu\libc.a(lib_a-mlock.o)
                0x0800392c                __malloc_lock
 .text.__malloc_unlock
                0x08003930        0x4 ..\..\..\..\..\..\..\Program Files\GNU Tools ARM Embedded\4.6 2012q2\arm-none-eabi\lib\armv7e-m\fpu\libc.a(lib_a-mlock.o)
                0x08003930                __malloc_unlock
 .text._sbrk_r  0x08003934       0x24 ..\..\..\..\..\..\..\Program Files\GNU Tools ARM Embedded\4.6 2012q2\arm-none-eabi\lib\armv7e-m\fpu\libc.a(lib_a-sbrkr.o)
                0x08003934                _sbrk_r
 .text._malloc_trim_r
                0x08003958       0xa0 ..\..\..\..\..\..\..\Program Files\GNU Tools ARM Embedded\4.6 2012q2\arm-none-eabi\lib\armv7e-m\fpu\libc.a(lib_a-freer.o)
                0x08003958                _malloc_trim_r
 .text._free_r  0x080039f8      0x190 ..\..\..\..\..\..\..\Program Files\GNU Tools ARM Embedded\4.6 2012q2\arm-none-eabi\lib\armv7e-m\fpu\libc.a(lib_a-freer.o)
                0x080039f8                _free_r
 *(.glue_7t)
 .glue_7t       0x00000000        0x0 linker stubs
 *(.glue_7)
 .glue_7        0x00000000        0x0 linker stubs
 *(.rodata .rodata* .gnu.linkonce.r.*)
 .rodata        0x08003b88      0x190 ..\obj\main.o
                0x08003b88                pitch_table
 .rodata.str1.4
                0x08003d18       0x16 ..\obj\main.o
                                 0x18 (size before relaxing)
 *fill*         0x08003d2e        0x2 00
 .rodata.str1.4
                0x08003d30       0x24 ..\obj\printf.o
 .rodata        0x08003d54     0x6000 ..\obj\synth.o
                0x08003d54                sinewave
                0x08004d54                square
                0x08005d54                triangle
                0x08006d54                sawtooth
                0x08007d54                distosine
                0x08008d54                cosinewave
 .rodata        0x08009d54      0x200 ..\obj\midi.o
                0x08009d54                cutoff_CC
 .rodata.str1.4
                0x08009f54       0x34 ..\obj\midi.o

.vfp11_veneer   0x08009f88        0x0
 .vfp11_veneer  0x00000000        0x0 linker stubs

.v4_bx          0x08009f88        0x0
 .v4_bx         0x00000000        0x0 linker stubs

.ARM.extab
 *(.ARM.extab* .gnu.linkonce.armextab.*)
                0x08009f88                __exidx_start = .

.ARM.exidx
 *(.ARM.exidx* .gnu.linkonce.armexidx.*)
                0x08009f88                __exidx_end = .
                0x08009f88                . = ALIGN (0x4)
                0x08009f88                _etext = .
                0x08009f88                _sidata = .

.data           0x20000000      0x88c load address 0x08009f88
                0x20000000                _sdata = .
 *(.data .data.*)
 .data          0x20000000       0x34 ..\obj\stm32f4_discovery_audio_codec.o
                0x20000000                AudioRemSize
                0x20000004                AUDIO_MAL_DMA_STREAM
                0x20000008                AUDIO_MAL_DMA_FLAG_TC
                0x2000000c                AUDIO_MAL_DMA_FLAG_HT
                0x20000010                CODECTimeout
                0x20000014                CurrAudioInterface
                0x20000018                AUDIO_MAL_DMA_CLOCK
                0x2000001c                AUDIO_MAL_DMA_DREG
                0x20000020                AUDIO_MAL_DMA_IRQ
                0x20000024                AUDIO_MAL_DMA_FLAG_FE
                0x20000028                AUDIO_MAL_DMA_FLAG_TE
                0x2000002c                AUDIO_MAL_DMA_FLAG_DME
                0x20000030                AudioTotalSize
 .data          0x20000034       0x10 ..\obj\stm32f4xx_rcc.o
 *fill*         0x20000044        0x4 00
 .data          0x20000048      0x430 ..\obj\printf.o
                0x20000048                _impure_ptr
                0x20000050                r
 .data          0x20000478        0x2 ..\obj\midi.o
 *fill*         0x2000047a        0x2 00
 .data.__malloc_av_
                0x2000047c      0x408 ..\..\..\..\..\..\..\Program Files\GNU Tools ARM Embedded\4.6 2012q2\arm-none-eabi\lib\armv7e-m\fpu\libc.a(lib_a-mallocr.o)
                0x2000047c                __malloc_av_
 .data.__malloc_trim_threshold
                0x20000884        0x4 ..\..\..\..\..\..\..\Program Files\GNU Tools ARM Embedded\4.6 2012q2\arm-none-eabi\lib\armv7e-m\fpu\libc.a(lib_a-mallocr.o)
                0x20000884                __malloc_trim_threshold
 .data.__malloc_sbrk_base
                0x20000888        0x4 ..\..\..\..\..\..\..\Program Files\GNU Tools ARM Embedded\4.6 2012q2\arm-none-eabi\lib\armv7e-m\fpu\libc.a(lib_a-mallocr.o)
                0x20000888                __malloc_sbrk_base
                0x2000088c                . = ALIGN (0x4)
                0x2000088c                _edata = .

.bss            0x2000088c      0x6b0 load address 0x0800a814
                0x2000088c                _sbss = .
 *(.bss .bss.*)
 .bss           0x2000088c        0x8 ..\obj\stm32f4_discovery_audio_codec.o
                0x2000088c                OutputDev
                0x20000890                AUDIO_MAL_DMA_CHANNEL
 .bss           0x20000894        0x4 ..\obj\main.o
                0x20000894                note_list
 .bss           0x20000898       0x4c ..\obj\synth.o
 .bss           0x200008e4        0x4 ..\obj\syscalls.o
 .bss           0x200008e8       0x48 ..\obj\midi.o
 .bss.__malloc_max_total_mem
                0x20000930        0x4 ..\..\..\..\..\..\..\Program Files\GNU Tools ARM Embedded\4.6 2012q2\arm-none-eabi\lib\armv7e-m\fpu\libc.a(lib_a-mallocr.o)
                0x20000930                __malloc_max_total_mem
 .bss.__malloc_max_sbrked_mem
                0x20000934        0x4 ..\..\..\..\..\..\..\Program Files\GNU Tools ARM Embedded\4.6 2012q2\arm-none-eabi\lib\armv7e-m\fpu\libc.a(lib_a-mallocr.o)
                0x20000934                __malloc_max_sbrked_mem
 .bss.__malloc_top_pad
                0x20000938        0x4 ..\..\..\..\..\..\..\Program Files\GNU Tools ARM Embedded\4.6 2012q2\arm-none-eabi\lib\armv7e-m\fpu\libc.a(lib_a-mallocr.o)
                0x20000938                __malloc_top_pad
 .bss.__malloc_current_mallinfo
                0x2000093c       0x28 ..\..\..\..\..\..\..\Program Files\GNU Tools ARM Embedded\4.6 2012q2\arm-none-eabi\lib\armv7e-m\fpu\libc.a(lib_a-mallocr.o)
                0x2000093c                __malloc_current_mallinfo
 *(COMMON)
 COMMON         0x20000964       0x7c ..\obj\stm32f4_discovery_audio_codec.o
                0x20000964                CurrentPos
                0x20000968                AUDIO_MAL_DMA_InitStructure
                0x200009a4                DMA_InitStructure
 COMMON         0x200009e0      0x558 ..\obj\main.o
                0x200009e0                params
                0x20000a34                new_note_event
                0x20000a35                trig
                0x20000a38                audiobuff
 COMMON         0x20000f38        0x4 ..\..\..\..\..\..\..\Program Files\GNU Tools ARM Embedded\4.6 2012q2\arm-none-eabi\lib\armv7e-m\fpu\libc.a(lib_a-reent.o)
                0x20000f38                errno
                0x20000f3c                . = ALIGN (0x4)
                0x20000f3c                _ebss = .

.co_stack       0x20000f3c     0x8004 load address 0x0800aec4
                0x20000f40                . = ALIGN (0x8)
 *fill*         0x20000f3c        0x4 00
 *(.co_stack .co_stack.*)
 .co_stack      0x20000f40     0x8000 ..\obj\startup_stm32f4xx.o
                0x20000f40                pulStack
                0x20008f40                . = ALIGN (0x4)
                0x20008f40                _end = .
LOAD ..\obj\stm32f4_discovery_audio_codec.o
LOAD ..\obj\stm32f4xx_usart.o
LOAD ..\obj\stm32f4xx_dac.o
LOAD ..\obj\llist.o
LOAD ..\obj\startup_stm32f4xx.o
LOAD ..\obj\main.o
LOAD ..\obj\stm32f4xx_rcc.o
LOAD ..\obj\printf.o
LOAD ..\obj\synth.o
LOAD ..\obj\stm32f4xx_gpio.o
LOAD ..\obj\system_stm32f4xx.o
LOAD ..\obj\syscalls.o
LOAD ..\obj\stm32f4xx_dma.o
LOAD ..\obj\stm32f4xx_spi.o
LOAD ..\obj\stm32f4xx_i2c.o
LOAD ..\obj\misc.o
LOAD ..\obj\midi.o
LOAD ..\..\..\..\..\..\..\Program Files\GNU Tools ARM Embedded\4.6 2012q2\arm-none-eabi\lib\armv7e-m\fpu\libm.a
LOAD c:/program files/gnu tools arm embedded/4.6 2012q2/bin/../lib/gcc/arm-none-eabi/4.6.2/armv7e-m/fpu\libgcc.a
LOAD ..\..\..\..\..\..\..\Program Files\GNU Tools ARM Embedded\4.6 2012q2\arm-none-eabi\lib\armv7e-m\fpu\libc.a
START GROUP
LOAD c:/program files/gnu tools arm embedded/4.6 2012q2/bin/../lib/gcc/arm-none-eabi/4.6.2/armv7e-m/fpu\libgcc.a
LOAD ..\..\..\..\..\..\..\Program Files\GNU Tools ARM Embedded\4.6 2012q2\arm-none-eabi\lib\armv7e-m\fpu\libg.a
LOAD ..\..\..\..\..\..\..\Program Files\GNU Tools ARM Embedded\4.6 2012q2\arm-none-eabi\lib\armv7e-m\fpu\libc.a
END GROUP
OUTPUT(synthol.elf elf32-littlearm)

.debug_info     0x00000000     0x981f
 .debug_info    0x00000000     0x13cc ..\obj\stm32f4_discovery_audio_codec.o
 .debug_info    0x000013cc      0xa36 ..\obj\stm32f4xx_usart.o
 .debug_info    0x00001e02      0x689 ..\obj\stm32f4xx_dac.o
 .debug_info    0x0000248b      0x2a4 ..\obj\llist.o
 .debug_info    0x0000272f      0x144 ..\obj\startup_stm32f4xx.o
 .debug_info    0x00002873      0x88f ..\obj\main.o
 .debug_info    0x00003102      0xd0d ..\obj\stm32f4xx_rcc.o
 .debug_info    0x00003e0f     0x10cc ..\obj\printf.o
 .debug_info    0x00004edb      0x849 ..\obj\synth.o
 .debug_info    0x00005724      0x62b ..\obj\stm32f4xx_gpio.o
 .debug_info    0x00005d4f      0x641 ..\obj\system_stm32f4xx.o
 .debug_info    0x00006390      0x43a ..\obj\syscalls.o
 .debug_info    0x000067ca      0x78d ..\obj\stm32f4xx_dma.o
 .debug_info    0x00006f57      0xbb5 ..\obj\stm32f4xx_spi.o
 .debug_info    0x00007b0c      0xb69 ..\obj\stm32f4xx_i2c.o
 .debug_info    0x00008675      0x596 ..\obj\misc.o
 .debug_info    0x00008c0b      0xc14 ..\obj\midi.o

.debug_abbrev   0x00000000     0x1cf8
 .debug_abbrev  0x00000000      0x2de ..\obj\stm32f4_discovery_audio_codec.o
 .debug_abbrev  0x000002de      0x1ab ..\obj\stm32f4xx_usart.o
 .debug_abbrev  0x00000489      0x1d7 ..\obj\stm32f4xx_dac.o
 .debug_abbrev  0x00000660      0x115 ..\obj\llist.o
 .debug_abbrev  0x00000775       0xb9 ..\obj\startup_stm32f4xx.o
 .debug_abbrev  0x0000082e      0x1f7 ..\obj\main.o
 .debug_abbrev  0x00000a25      0x1f6 ..\obj\stm32f4xx_rcc.o
 .debug_abbrev  0x00000c1b      0x2f8 ..\obj\printf.o
 .debug_abbrev  0x00000f13      0x1bc ..\obj\synth.o
 .debug_abbrev  0x000010cf      0x1ce ..\obj\stm32f4xx_gpio.o
 .debug_abbrev  0x0000129d      0x16c ..\obj\system_stm32f4xx.o
 .debug_abbrev  0x00001409       0xed ..\obj\syscalls.o
 .debug_abbrev  0x000014f6      0x19c ..\obj\stm32f4xx_dma.o
 .debug_abbrev  0x00001692      0x1ac ..\obj\stm32f4xx_spi.o
 .debug_abbrev  0x0000183e      0x194 ..\obj\stm32f4xx_i2c.o
 .debug_abbrev  0x000019d2      0x14c ..\obj\misc.o
 .debug_abbrev  0x00001b1e      0x1da ..\obj\midi.o

.debug_loc      0x00000000     0x42a2
 .debug_loc     0x00000000      0x733 ..\obj\stm32f4_discovery_audio_codec.o
 .debug_loc     0x00000733      0x670 ..\obj\stm32f4xx_usart.o
 .debug_loc     0x00000da3      0x421 ..\obj\stm32f4xx_dac.o
 .debug_loc     0x000011c4      0x20c ..\obj\llist.o
 .debug_loc     0x000013d0       0x33 ..\obj\startup_stm32f4xx.o
 .debug_loc     0x00001403      0x174 ..\obj\main.o
 .debug_loc     0x00001577      0x779 ..\obj\stm32f4xx_rcc.o
 .debug_loc     0x00001cf0      0xa3e ..\obj\printf.o
 .debug_loc     0x0000272e      0x369 ..\obj\synth.o
 .debug_loc     0x00002a97      0x280 ..\obj\stm32f4xx_gpio.o
 .debug_loc     0x00002d17      0x19a ..\obj\system_stm32f4xx.o
 .debug_loc     0x00002eb1       0x98 ..\obj\syscalls.o
 .debug_loc     0x00002f49      0x34c ..\obj\stm32f4xx_dma.o
 .debug_loc     0x00003295      0x579 ..\obj\stm32f4xx_spi.o
 .debug_loc     0x0000380e      0x643 ..\obj\stm32f4xx_i2c.o
 .debug_loc     0x00003e51      0x130 ..\obj\misc.o
 .debug_loc     0x00003f81      0x321 ..\obj\midi.o

.debug_aranges  0x00000000      0x990
 .debug_aranges
                0x00000000       0xb0 ..\obj\stm32f4_discovery_audio_codec.o
 .debug_aranges
                0x000000b0      0x100 ..\obj\stm32f4xx_usart.o
 .debug_aranges
                0x000001b0       0xa0 ..\obj\stm32f4xx_dac.o
 .debug_aranges
                0x00000250       0x40 ..\obj\llist.o
 .debug_aranges
                0x00000290       0x28 ..\obj\startup_stm32f4xx.o
 .debug_aranges
                0x000002b8       0x60 ..\obj\main.o
 .debug_aranges
                0x00000318      0x178 ..\obj\stm32f4xx_rcc.o
 .debug_aranges
                0x00000490       0xa0 ..\obj\printf.o
 .debug_aranges
                0x00000530       0x28 ..\obj\synth.o
 .debug_aranges
                0x00000558       0x88 ..\obj\stm32f4xx_gpio.o
 .debug_aranges
                0x000005e0       0x28 ..\obj\system_stm32f4xx.o
 .debug_aranges
                0x00000608       0x60 ..\obj\syscalls.o
 .debug_aranges
                0x00000668       0xb0 ..\obj\stm32f4xx_dma.o
 .debug_aranges
                0x00000718       0xe0 ..\obj\stm32f4xx_spi.o
 .debug_aranges
                0x000007f8      0x120 ..\obj\stm32f4xx_i2c.o
 .debug_aranges
                0x00000918       0x40 ..\obj\misc.o
 .debug_aranges
                0x00000958       0x38 ..\obj\midi.o

.debug_ranges   0x00000000      0x898
 .debug_ranges  0x00000000       0xb8 ..\obj\stm32f4_discovery_audio_codec.o
 .debug_ranges  0x000000b8       0xf0 ..\obj\stm32f4xx_usart.o
 .debug_ranges  0x000001a8       0x90 ..\obj\stm32f4xx_dac.o
 .debug_ranges  0x00000238       0x30 ..\obj\llist.o
 .debug_ranges  0x00000268       0x18 ..\obj\startup_stm32f4xx.o
 .debug_ranges  0x00000280       0x50 ..\obj\main.o
 .debug_ranges  0x000002d0      0x168 ..\obj\stm32f4xx_rcc.o
 .debug_ranges  0x00000438       0x90 ..\obj\printf.o
 .debug_ranges  0x000004c8       0x18 ..\obj\synth.o
 .debug_ranges  0x000004e0       0x78 ..\obj\stm32f4xx_gpio.o
 .debug_ranges  0x00000558       0x18 ..\obj\system_stm32f4xx.o
 .debug_ranges  0x00000570       0x50 ..\obj\syscalls.o
 .debug_ranges  0x000005c0       0xa0 ..\obj\stm32f4xx_dma.o
 .debug_ranges  0x00000660       0xd0 ..\obj\stm32f4xx_spi.o
 .debug_ranges  0x00000730      0x110 ..\obj\stm32f4xx_i2c.o
 .debug_ranges  0x00000840       0x30 ..\obj\misc.o
 .debug_ranges  0x00000870       0x28 ..\obj\midi.o

.debug_line     0x00000000     0x35dc
 .debug_line    0x00000000      0x5ae ..\obj\stm32f4_discovery_audio_codec.o
 .debug_line    0x000005ae      0x448 ..\obj\stm32f4xx_usart.o
 .debug_line    0x000009f6      0x305 ..\obj\stm32f4xx_dac.o
 .debug_line    0x00000cfb      0x1bf ..\obj\llist.o
 .debug_line    0x00000eba       0x93 ..\obj\startup_stm32f4xx.o
 .debug_line    0x00000f4d      0x2f2 ..\obj\main.o
 .debug_line    0x0000123f      0x529 ..\obj\stm32f4xx_rcc.o
 .debug_line    0x00001768      0x486 ..\obj\printf.o
 .debug_line    0x00001bee      0x274 ..\obj\synth.o
 .debug_line    0x00001e62      0x2e5 ..\obj\stm32f4xx_gpio.o
 .debug_line    0x00002147      0x1cb ..\obj\system_stm32f4xx.o
 .debug_line    0x00002312      0x189 ..\obj\syscalls.o
 .debug_line    0x0000249b      0x37c ..\obj\stm32f4xx_dma.o
 .debug_line    0x00002817      0x3f1 ..\obj\stm32f4xx_spi.o
 .debug_line    0x00002c08      0x47f ..\obj\stm32f4xx_i2c.o
 .debug_line    0x00003087      0x1f8 ..\obj\misc.o
 .debug_line    0x0000327f      0x35d ..\obj\midi.o

.debug_str      0x00000000     0x3596
 .debug_str     0x00000000      0xf4a ..\obj\stm32f4_discovery_audio_codec.o
                                0xfd8 (size before relaxing)
 .debug_str     0x00000f4a      0x49d ..\obj\stm32f4xx_usart.o
                                0x623 (size before relaxing)
 .debug_str     0x000013e7      0x234 ..\obj\stm32f4xx_dac.o
                                0x3e7 (size before relaxing)
 .debug_str     0x0000161b       0xc6 ..\obj\llist.o
                                0x1c8 (size before relaxing)
 .debug_str     0x000016e1       0xaa ..\obj\startup_stm32f4xx.o
                                0x112 (size before relaxing)
 .debug_str     0x0000178b      0x289 ..\obj\main.o
                                0x694 (size before relaxing)
 .debug_str     0x00001a14      0x5dd ..\obj\stm32f4xx_rcc.o
                                0x7e4 (size before relaxing)
 .debug_str     0x00001ff1      0x4a5 ..\obj\printf.o
                                0x698 (size before relaxing)
 .debug_str     0x00002496      0x232 ..\obj\synth.o
                                0x4d1 (size before relaxing)
 .debug_str     0x000026c8      0x170 ..\obj\stm32f4xx_gpio.o
                                0x437 (size before relaxing)
 .debug_str     0x00002838      0x112 ..\obj\system_stm32f4xx.o
                                0x33e (size before relaxing)
 .debug_str     0x0000294a      0x13f ..\obj\syscalls.o
                                0x28a (size before relaxing)
 .debug_str     0x00002a89      0x25b ..\obj\stm32f4xx_dma.o
                                0x4e0 (size before relaxing)
 .debug_str     0x00002ce4      0x312 ..\obj\stm32f4xx_spi.o
                                0x61e (size before relaxing)
 .debug_str     0x00002ff6      0x33a ..\obj\stm32f4xx_i2c.o
                                0x5f9 (size before relaxing)
 .debug_str     0x00003330      0x15b ..\obj\misc.o
                                0x36d (size before relaxing)
 .debug_str     0x0000348b      0x10b ..\obj\midi.o
                                0xd25 (size before relaxing)

.comment        0x00000000       0x70
 .comment       0x00000000       0x70 ..\obj\stm32f4_discovery_audio_codec.o
                                 0x71 (size before relaxing)
 .comment       0x00000000       0x71 ..\obj\stm32f4xx_usart.o
 .comment       0x00000000       0x71 ..\obj\stm32f4xx_dac.o
 .comment       0x00000000       0x71 ..\obj\llist.o
 .comment       0x00000000       0x71 ..\obj\startup_stm32f4xx.o
 .comment       0x00000000       0x71 ..\obj\main.o
 .comment       0x00000000       0x71 ..\obj\stm32f4xx_rcc.o
 .comment       0x00000000       0x71 ..\obj\printf.o
 .comment       0x00000000       0x71 ..\obj\synth.o
 .comment       0x00000000       0x71 ..\obj\stm32f4xx_gpio.o
 .comment       0x00000000       0x71 ..\obj\system_stm32f4xx.o
 .comment       0x00000000       0x71 ..\obj\syscalls.o
 .comment       0x00000000       0x71 ..\obj\stm32f4xx_dma.o
 .comment       0x00000000       0x71 ..\obj\stm32f4xx_spi.o
 .comment       0x00000000       0x71 ..\obj\stm32f4xx_i2c.o
 .comment       0x00000000       0x71 ..\obj\misc.o
 .comment       0x00000000       0x71 ..\obj\midi.o

.ARM.attributes
                0x00000000       0x3b
 .ARM.attributes
                0x00000000       0x3b ..\obj\stm32f4_discovery_audio_codec.o
 .ARM.attributes
                0x0000003b       0x3b ..\obj\stm32f4xx_usart.o
 .ARM.attributes
                0x00000076       0x3b ..\obj\stm32f4xx_dac.o
 .ARM.attributes
                0x000000b1       0x3b ..\obj\llist.o
 .ARM.attributes
                0x000000ec       0x3b ..\obj\startup_stm32f4xx.o
 .ARM.attributes
                0x00000127       0x3b ..\obj\main.o
 .ARM.attributes
                0x00000162       0x3b ..\obj\stm32f4xx_rcc.o
 .ARM.attributes
                0x0000019d       0x3b ..\obj\printf.o
 .ARM.attributes
                0x000001d8       0x3b ..\obj\synth.o
 .ARM.attributes
                0x00000213       0x3b ..\obj\stm32f4xx_gpio.o
 .ARM.attributes
                0x0000024e       0x3b ..\obj\system_stm32f4xx.o
 .ARM.attributes
                0x00000289       0x3b ..\obj\syscalls.o
 .ARM.attributes
                0x000002c4       0x3b ..\obj\stm32f4xx_dma.o
 .ARM.attributes
                0x000002ff       0x3b ..\obj\stm32f4xx_spi.o
 .ARM.attributes
                0x0000033a       0x3b ..\obj\stm32f4xx_i2c.o
 .ARM.attributes
                0x00000375       0x3b ..\obj\misc.o
 .ARM.attributes
                0x000003b0       0x3b ..\obj\midi.o
 .ARM.attributes
                0x000003eb       0x36 ..\..\..\..\..\..\..\Program Files\GNU Tools ARM Embedded\4.6 2012q2\arm-none-eabi\lib\armv7e-m\fpu\libc.a(lib_a-malloc.o)
 .ARM.attributes
                0x00000421       0x36 ..\..\..\..\..\..\..\Program Files\GNU Tools ARM Embedded\4.6 2012q2\arm-none-eabi\lib\armv7e-m\fpu\libc.a(lib_a-mallocr.o)
 .ARM.attributes
                0x00000457       0x36 ..\..\..\..\..\..\..\Program Files\GNU Tools ARM Embedded\4.6 2012q2\arm-none-eabi\lib\armv7e-m\fpu\libc.a(lib_a-mlock.o)
 .ARM.attributes
                0x0000048d       0x36 ..\..\..\..\..\..\..\Program Files\GNU Tools ARM Embedded\4.6 2012q2\arm-none-eabi\lib\armv7e-m\fpu\libc.a(lib_a-sbrkr.o)
 .ARM.attributes
                0x000004c3       0x36 ..\..\..\..\..\..\..\Program Files\GNU Tools ARM Embedded\4.6 2012q2\arm-none-eabi\lib\armv7e-m\fpu\libc.a(lib_a-freer.o)
 .ARM.attributes
                0x000004f9       0x36 ..\..\..\..\..\..\..\Program Files\GNU Tools ARM Embedded\4.6 2012q2\arm-none-eabi\lib\armv7e-m\fpu\libc.a(lib_a-reent.o)

.debug_frame    0x00000000     0x1604
 .debug_frame   0x00000000      0x200 ..\obj\stm32f4_discovery_audio_codec.o
 .debug_frame   0x00000200      0x20c ..\obj\stm32f4xx_usart.o
 .debug_frame   0x0000040c      0x13c ..\obj\stm32f4xx_dac.o
 .debug_frame   0x00000548       0x90 ..\obj\llist.o
 .debug_frame   0x000005d8       0x38 ..\obj\startup_stm32f4xx.o
 .debug_frame   0x00000610       0xe4 ..\obj\main.o
 .debug_frame   0x000006f4      0x2e4 ..\obj\stm32f4xx_rcc.o
 .debug_frame   0x000009d8      0x214 ..\obj\printf.o
 .debug_frame   0x00000bec       0x50 ..\obj\synth.o
 .debug_frame   0x00000c3c      0x118 ..\obj\stm32f4xx_gpio.o
 .debug_frame   0x00000d54       0x34 ..\obj\system_stm32f4xx.o
 .debug_frame   0x00000d88       0xa0 ..\obj\syscalls.o
 .debug_frame   0x00000e28      0x168 ..\obj\stm32f4xx_dma.o
 .debug_frame   0x00000f90      0x1cc ..\obj\stm32f4xx_spi.o
 .debug_frame   0x0000115c      0x240 ..\obj\stm32f4xx_i2c.o
 .debug_frame   0x0000139c       0x68 ..\obj\misc.o
 .debug_frame   0x00001404       0x84 ..\obj\midi.o
 .debug_frame   0x00001488       0x30 ..\..\..\..\..\..\..\Program Files\GNU Tools ARM Embedded\4.6 2012q2\arm-none-eabi\lib\armv7e-m\fpu\libc.a(lib_a-malloc.o)
 .debug_frame   0x000014b8       0x38 ..\..\..\..\..\..\..\Program Files\GNU Tools ARM Embedded\4.6 2012q2\arm-none-eabi\lib\armv7e-m\fpu\libc.a(lib_a-mallocr.o)
 .debug_frame   0x000014f0       0x30 ..\..\..\..\..\..\..\Program Files\GNU Tools ARM Embedded\4.6 2012q2\arm-none-eabi\lib\armv7e-m\fpu\libc.a(lib_a-mlock.o)
 .debug_frame   0x00001520       0x2c ..\..\..\..\..\..\..\Program Files\GNU Tools ARM Embedded\4.6 2012q2\arm-none-eabi\lib\armv7e-m\fpu\libc.a(lib_a-sbrkr.o)
 .debug_frame   0x0000154c       0x50 ..\..\..\..\..\..\..\Program Files\GNU Tools ARM Embedded\4.6 2012q2\arm-none-eabi\lib\armv7e-m\fpu\libc.a(lib_a-freer.o)
 .debug_frame   0x0000159c       0x68 ..\..\..\..\..\..\..\Program Files\GNU Tools ARM Embedded\4.6 2012q2\arm-none-eabi\lib\armv7e-m\fpu\libc.a(lib_a-reent.o)
